#
# There is insufficient memory for the Java Runtime Environment to continue.
# Native memory allocation (malloc) failed to allocate 402816 bytes. Error detail: Chunk::new
# Possible reasons:
#   The system is out of physical RAM or swap space
#   This process is running with CompressedOops enabled, and the Java Heap may be blocking the growth of the native heap
# Possible solutions:
#   Reduce memory load on the system
#   Increase physical memory or swap space
#   Check if swap backing store is full
#   Decrease Java heap size (-Xmx/-Xms)
#   Decrease number of Java threads
#   Decrease Java thread stack sizes (-Xss)
#   Set larger code cache with -XX:ReservedCodeCacheSize=
#   JVM is running with Unscaled Compressed Oops mode in which the Java heap is
#     placed in the first 4GB address space. The Java Heap base address is the
#     maximum limit for the native heap growth. Please use -XX:HeapBaseMinAddress
#     to set the Java Heap base and to place the Java Heap above 4GB virtual address.
# This output file may be truncated or incomplete.
#
#  Out of Memory Error (arena.cpp:168), pid=18840, tid=36668
#
# JRE version: OpenJDK Runtime Environment Temurin-21.0.9+10 (21.0.9+10) (build 21.0.9+10-LTS)
# Java VM: OpenJDK 64-Bit Server VM Temurin-21.0.9+10 (21.0.9+10-LTS, mixed mode, sharing, tiered, compressed oops, compressed class ptrs, parallel gc, windows-amd64)
# No core dump will be written. Minidumps are not enabled by default on client versions of Windows
#

---------------  S U M M A R Y ------------

Command Line: --add-modules=ALL-SYSTEM --add-opens=java.base/java.util=ALL-UNNAMED --add-opens=java.base/java.lang=ALL-UNNAMED --add-opens=java.base/sun.nio.fs=ALL-UNNAMED -Declipse.application=org.eclipse.jdt.ls.core.id1 -Dosgi.bundles.defaultStartLevel=4 -Declipse.product=org.eclipse.jdt.ls.core.product -Djava.import.generatesMetadataFilesAtProjectRoot=false -DDetectVMInstallationsJob.disabled=true -Dfile.encoding=utf8 -XX:+UseParallelGC -XX:GCTimeRatio=4 -XX:AdaptiveSizePolicyWeight=90 -Dsun.zip.disableMemoryMapping=true -Xmx2G -Xms100m -Xlog:disable -javaagent:c:\Users\HP\.vscode\extensions\redhat.java-1.52.0-win32-x64\lombok\lombok-1.18.39-4050.jar -XX:+HeapDumpOnOutOfMemoryError -XX:HeapDumpPath=c:\Users\HP\AppData\Roaming\Code\User\workspaceStorage\14fee13fe8b7ed8daeb426c675a809a9\redhat.java -Daether.dependencyCollector.impl=bf c:\Users\HP\.vscode\extensions\redhat.java-1.52.0-win32-x64\server\plugins\org.eclipse.equinox.launcher_1.7.100.v20251111-0406.jar -configuration c:\Users\HP\AppData\Roaming\Code\User\globalStorage\redhat.java\1.52.0\config_win -data c:\Users\HP\AppData\Roaming\Code\User\workspaceStorage\14fee13fe8b7ed8daeb426c675a809a9\redhat.java\jdt_ws --pipe=\\.\pipe\lsp-876abfa9e1b7fbbe5b8b0c44d84afd34-sock

Host: Intel(R) Core(TM) i5-8350U CPU @ 1.70GHz, 8 cores, 7G,  Windows 11 , 64 bit Build 22621 (10.0.22621.3672)
Time: Tue Feb 10 16:50:25 2026 Egypt Standard Time elapsed time: 52.928009 seconds (0d 0h 0m 52s)

---------------  T H R E A D  ---------------

Current thread (0x0000029af0b14720):  JavaThread "C2 CompilerThread0" daemon [_thread_in_native, id=36668, stack(0x000000abcf200000,0x000000abcf300000) (1024K)]


Current CompileTask:
C2:52928 10006       4       lombok.launch.PackageShader::apply (252 bytes)

Stack: [0x000000abcf200000,0x000000abcf300000]
Native frames: (J=compiled Java code, j=interpreted, Vv=VM code, C=native code)
V  [jvm.dll+0x6d6e29]
V  [jvm.dll+0x8b4b76]
V  [jvm.dll+0x8b712e]
V  [jvm.dll+0x8b7813]
V  [jvm.dll+0x283d86]
V  [jvm.dll+0xc66ed]
V  [jvm.dll+0xc6c31]
V  [jvm.dll+0x2facee]
V  [jvm.dll+0x5fde44]
V  [jvm.dll+0x255557]
V  [jvm.dll+0x25591d]
V  [jvm.dll+0x24df40]
V  [jvm.dll+0x24b482]
V  [jvm.dll+0x1cb13e]
V  [jvm.dll+0x25b29d]
V  [jvm.dll+0x25982a]
V  [jvm.dll+0x3f7ea6]
V  [jvm.dll+0x85e9ad]
V  [jvm.dll+0x6d565d]
C  [ucrtbase.dll+0x29333]
C  [KERNEL32.DLL+0x1257d]
C  [ntdll.dll+0x5af28]


---------------  P R O C E S S  ---------------

Threads class SMR info:
_java_thread_list=0x0000029af8ba8da0, length=39, elements={
0x0000029ada091cc0, 0x0000029ada1494c0, 0x0000029ada14c270, 0x0000029af0b08f60,
0x0000029af0b0a310, 0x0000029af0b07520, 0x0000029af0b06e90, 0x0000029af0b14720,
0x0000029af0b195f0, 0x0000029af0b07bb0, 0x0000029af0b088d0, 0x0000029af0b08240,
0x0000029af0b095f0, 0x0000029af0b09c80, 0x0000029af2e421e0, 0x0000029af2e45cf0,
0x0000029af2e42f00, 0x0000029af2e3f3f0, 0x0000029af2e414c0, 0x0000029af2e43590,
0x0000029af2e44940, 0x0000029af2e40110, 0x0000029af2e43c20, 0x0000029af2e45660,
0x0000029af2e44fd0, 0x0000029af2e46380, 0x0000029af2e46a10, 0x0000029af2e41b50,
0x0000029af2e442b0, 0x0000029af2e407a0, 0x0000029af2e42870, 0x0000029af2e3fa80,
0x0000029af2e40e30, 0x0000029af7acaf90, 0x0000029af7ac8830, 0x0000029af7ac9550,
0x0000029af7ac9be0, 0x0000029af7aca900, 0x0000029af7362ff0
}

Java Threads: ( => current thread )
  0x0000029ada091cc0 JavaThread "main"                              [_thread_blocked, id=36892, stack(0x000000abce800000,0x000000abce900000) (1024K)]
  0x0000029ada1494c0 JavaThread "Reference Handler"          daemon [_thread_blocked, id=27284, stack(0x000000abcec00000,0x000000abced00000) (1024K)]
  0x0000029ada14c270 JavaThread "Finalizer"                  daemon [_thread_blocked, id=33536, stack(0x000000abced00000,0x000000abcee00000) (1024K)]
  0x0000029af0b08f60 JavaThread "Signal Dispatcher"          daemon [_thread_blocked, id=33376, stack(0x000000abcee00000,0x000000abcef00000) (1024K)]
  0x0000029af0b0a310 JavaThread "Attach Listener"            daemon [_thread_blocked, id=29196, stack(0x000000abcef00000,0x000000abcf000000) (1024K)]
  0x0000029af0b07520 JavaThread "Service Thread"             daemon [_thread_blocked, id=28884, stack(0x000000abcf000000,0x000000abcf100000) (1024K)]
  0x0000029af0b06e90 JavaThread "Monitor Deflation Thread"   daemon [_thread_blocked, id=30644, stack(0x000000abcf100000,0x000000abcf200000) (1024K)]
=>0x0000029af0b14720 JavaThread "C2 CompilerThread0"         daemon [_thread_in_native, id=36668, stack(0x000000abcf200000,0x000000abcf300000) (1024K)]
  0x0000029af0b195f0 JavaThread "C1 CompilerThread0"         daemon [_thread_blocked, id=30760, stack(0x000000abcf300000,0x000000abcf400000) (1024K)]
  0x0000029af0b07bb0 JavaThread "Common-Cleaner"             daemon [_thread_blocked, id=24052, stack(0x000000abcf400000,0x000000abcf500000) (1024K)]
  0x0000029af0b088d0 JavaThread "Notification Thread"        daemon [_thread_blocked, id=30844, stack(0x000000abcf500000,0x000000abcf600000) (1024K)]
  0x0000029af0b08240 JavaThread "Active Thread: Equinox Container: 19bc29ef-1901-48c6-acfd-3470ad6ff655"        [_thread_blocked, id=38844, stack(0x000000abcfd00000,0x000000abcfe00000) (1024K)]
  0x0000029af0b095f0 JavaThread "Refresh Thread: Equinox Container: 19bc29ef-1901-48c6-acfd-3470ad6ff655" daemon [_thread_blocked, id=35300, stack(0x000000abcff00000,0x000000abd0000000) (1024K)]
  0x0000029af0b09c80 JavaThread "Framework Event Dispatcher: Equinox Container: 19bc29ef-1901-48c6-acfd-3470ad6ff655" daemon [_thread_blocked, id=36364, stack(0x000000abd0000000,0x000000abd0100000) (1024K)]
  0x0000029af2e421e0 JavaThread "Start Level: Equinox Container: 19bc29ef-1901-48c6-acfd-3470ad6ff655" daemon [_thread_blocked, id=36124, stack(0x000000abd0100000,0x000000abd0200000) (1024K)]
  0x0000029af2e45cf0 JavaThread "Bundle File Closer"         daemon [_thread_blocked, id=2132, stack(0x000000abd0300000,0x000000abd0400000) (1024K)]
  0x0000029af2e42f00 JavaThread "SCR Component Actor"        daemon [_thread_blocked, id=38812, stack(0x000000abcf600000,0x000000abcf700000) (1024K)]
  0x0000029af2e3f3f0 JavaThread "Worker-JM"                         [_thread_blocked, id=36340, stack(0x000000abd0200000,0x000000abd0300000) (1024K)]
  0x0000029af2e414c0 JavaThread "Worker-0: Initialize Workspace"        [_thread_in_native, id=34984, stack(0x000000abd0400000,0x000000abd0500000) (1024K)]
  0x0000029af2e43590 JavaThread "Worker-1: Java indexing... "        [_thread_blocked, id=30496, stack(0x000000abd0500000,0x000000abd0600000) (1024K)]
  0x0000029af2e44940 JavaThread "Java indexing"              daemon [_thread_in_native, id=36440, stack(0x000000abd0700000,0x000000abd0800000) (1024K)]
  0x0000029af2e40110 JavaThread "Worker-2"                          [_thread_blocked, id=25904, stack(0x000000abd0900000,0x000000abd0a00000) (1024K)]
  0x0000029af2e43c20 JavaThread "Worker-3"                          [_thread_blocked, id=35536, stack(0x000000abd0a00000,0x000000abd0b00000) (1024K)]
  0x0000029af2e45660 JavaThread "JNA Cleaner"                daemon [_thread_blocked, id=30556, stack(0x000000abd0b00000,0x000000abd0c00000) (1024K)]
  0x0000029af2e44fd0 JavaThread "Worker-4"                          [_thread_blocked, id=30084, stack(0x000000abd0e00000,0x000000abd0f00000) (1024K)]
  0x0000029af2e46380 JavaThread "Worker-5"                          [_thread_blocked, id=6184, stack(0x000000abd0f00000,0x000000abd1000000) (1024K)]
  0x0000029af2e46a10 JavaThread "Thread-1"                   daemon [_thread_in_native, id=30320, stack(0x000000abd1000000,0x000000abd1100000) (1024K)]
  0x0000029af2e41b50 JavaThread "Thread-2"                   daemon [_thread_in_native, id=37572, stack(0x000000abd1100000,0x000000abd1200000) (1024K)]
  0x0000029af2e442b0 JavaThread "Thread-3"                   daemon [_thread_in_native, id=11544, stack(0x000000abd1200000,0x000000abd1300000) (1024K)]
  0x0000029af2e407a0 JavaThread "Thread-4"                   daemon [_thread_in_native, id=36184, stack(0x000000abd1300000,0x000000abd1400000) (1024K)]
  0x0000029af2e42870 JavaThread "Thread-5"                   daemon [_thread_in_native, id=33740, stack(0x000000abd1400000,0x000000abd1500000) (1024K)]
  0x0000029af2e3fa80 JavaThread "Thread-6"                   daemon [_thread_in_native, id=15820, stack(0x000000abd1500000,0x000000abd1600000) (1024K)]
  0x0000029af2e40e30 JavaThread "Thread-7"                   daemon [_thread_in_native, id=33220, stack(0x000000abd1600000,0x000000abd1700000) (1024K)]
  0x0000029af7acaf90 JavaThread "Thread-8"                   daemon [_thread_in_native, id=38480, stack(0x000000abd1700000,0x000000abd1800000) (1024K)]
  0x0000029af7ac8830 JavaThread "Thread-9"                   daemon [_thread_in_native, id=29088, stack(0x000000abd1800000,0x000000abd1900000) (1024K)]
  0x0000029af7ac9550 JavaThread "pool-2-thread-1"                   [_thread_blocked, id=35352, stack(0x000000abd1900000,0x000000abd1a00000) (1024K)]
  0x0000029af7ac9be0 JavaThread "WorkspaceEventsHandler"            [_thread_blocked, id=35256, stack(0x000000abd1b00000,0x000000abd1c00000) (1024K)]
  0x0000029af7aca900 JavaThread "pool-1-thread-1"                   [_thread_blocked, id=36268, stack(0x000000abd1c00000,0x000000abd1d00000) (1024K)]
  0x0000029af7362ff0 JavaThread "C2 CompilerThread1"         daemon [_thread_blocked, id=35700, stack(0x000000abd0600000,0x000000abd0700000) (1024K)]
Total: 39

Other Threads:
  0x0000029af0b036a0 VMThread "VM Thread"                           [id=37476, stack(0x000000abceb00000,0x000000abcec00000) (1024K)]
  0x0000029ada0fc680 WatcherThread "VM Periodic Task Thread"        [id=31732, stack(0x000000abcea00000,0x000000abceb00000) (1024K)]
  0x0000029ada0afad0 WorkerThread "GC Thread#0"                     [id=17360, stack(0x000000abce900000,0x000000abcea00000) (1024K)]
  0x0000029af2c1fd90 WorkerThread "GC Thread#1"                     [id=31904, stack(0x000000abcf700000,0x000000abcf800000) (1024K)]
  0x0000029af2b41420 WorkerThread "GC Thread#2"                     [id=33916, stack(0x000000abcf800000,0x000000abcf900000) (1024K)]
  0x0000029af2aafd40 WorkerThread "GC Thread#3"                     [id=38072, stack(0x000000abcf900000,0x000000abcfa00000) (1024K)]
  0x0000029af2ab00e0 WorkerThread "GC Thread#4"                     [id=36540, stack(0x000000abcfa00000,0x000000abcfb00000) (1024K)]
  0x0000029af2ab08a0 WorkerThread "GC Thread#5"                     [id=37260, stack(0x000000abcfb00000,0x000000abcfc00000) (1024K)]
  0x0000029af2ab0c40 WorkerThread "GC Thread#6"                     [id=30956, stack(0x000000abcfc00000,0x000000abcfd00000) (1024K)]
  0x0000029af2b8c0a0 WorkerThread "GC Thread#7"                     [id=27672, stack(0x000000abcfe00000,0x000000abcff00000) (1024K)]
Total: 10

Threads with active compile tasks:
C2 CompilerThread0  53005 10006       4       lombok.launch.PackageShader::apply (252 bytes)
Total: 1

VM state: not at safepoint (normal execution)

VM Mutex/Monitor currently owned by a thread: None

Heap address: 0x0000000080000000, size: 2048 MB, Compressed Oops mode: 32-bit

CDS archive(s) mapped at: [0x0000029a80000000-0x0000029a80ba0000-0x0000029a80ba0000), size 12189696, SharedBaseAddress: 0x0000029a80000000, ArchiveRelocationMode: 1.
Compressed class space mapped at: 0x0000029a81000000-0x0000029ac1000000, reserved size: 1073741824
Narrow klass base: 0x0000029a80000000, Narrow klass shift: 0, Narrow klass range: 0x100000000

GC Precious Log:
 CardTable entry size: 512
 CPUs: 8 total, 8 available
 Memory: 8035M
 Large Page Support: Disabled
 NUMA Support: Disabled
 Compressed Oops: Enabled (32-bit)
 Alignments: Space 512K, Generation 512K, Heap 2M
 Heap Min Capacity: 100M
 Heap Initial Capacity: 100M
 Heap Max Capacity: 2G
 Pre-touch: Disabled
 Parallel Workers: 8

Heap:
 PSYoungGen      total 21504K, used 13619K [0x00000000d5580000, 0x00000000d6c80000, 0x0000000100000000)
  eden space 19456K, 61% used [0x00000000d5580000,0x00000000d612e3e8,0x00000000d6880000)
  from space 2048K, 80% used [0x00000000d6880000,0x00000000d6a1ea58,0x00000000d6a80000)
  to   space 2048K, 0% used [0x00000000d6a80000,0x00000000d6a80000,0x00000000d6c80000)
 ParOldGen       total 68608K, used 47720K [0x0000000080000000, 0x0000000084300000, 0x00000000d5580000)
  object space 68608K, 69% used [0x0000000080000000,0x0000000082e9a070,0x0000000084300000)
 Metaspace       used 59929K, committed 61248K, reserved 1114112K
  class space    used 6588K, committed 7168K, reserved 1048576K

Card table byte_map: [0x0000029ad9a30000,0x0000029ad9e40000] _byte_map_base: 0x0000029ad9630000

Marking Bits: (ParMarkBitMap*) 0x00007ffcd0602460
 Begin Bits: [0x0000029aec540000, 0x0000029aee540000)
 End Bits:   [0x0000029aee540000, 0x0000029af0540000)

Polling page: 0x0000029ad8060000

Metaspace:

Usage:
  Non-class:     52.09 MB used.
      Class:      6.43 MB used.
       Both:     58.52 MB used.

Virtual space:
  Non-class space:       64.00 MB reserved,      52.81 MB ( 83%) committed,  1 nodes.
      Class space:        1.00 GB reserved,       7.00 MB ( <1%) committed,  1 nodes.
             Both:        1.06 GB reserved,      59.81 MB (  5%) committed. 

Chunk freelists:
   Non-Class:  10.61 MB
       Class:  9.03 MB
        Both:  19.64 MB

MaxMetaspaceSize: unlimited
CompressedClassSpaceSize: 1.00 GB
Initial GC threshold: 21.00 MB
Current GC threshold: 97.31 MB
CDS: on
 - commit_granule_bytes: 65536.
 - commit_granule_words: 8192.
 - virtual_space_node_default_size: 8388608.
 - enlarge_chunks_in_place: 1.
 - use_allocation_guard: 0.


Internal statistics:

num_allocs_failed_limit: 11.
num_arena_births: 1012.
num_arena_deaths: 42.
num_vsnodes_births: 2.
num_vsnodes_deaths: 0.
num_space_committed: 957.
num_space_uncommitted: 0.
num_chunks_returned_to_freelist: 64.
num_chunks_taken_from_freelist: 3575.
num_chunk_merges: 18.
num_chunk_splits: 2213.
num_chunks_enlarged: 1301.
num_inconsistent_stats: 0.

CodeHeap 'non-profiled nmethods': size=120000Kb used=5587Kb max_used=5587Kb free=114412Kb
 bounds [0x0000029ae4d60000, 0x0000029ae52e0000, 0x0000029aec290000]
CodeHeap 'profiled nmethods': size=120000Kb used=19087Kb max_used=19210Kb free=100913Kb
 bounds [0x0000029add290000, 0x0000029ade570000, 0x0000029ae47c0000]
CodeHeap 'non-nmethods': size=5760Kb used=1437Kb max_used=1528Kb free=4322Kb
 bounds [0x0000029ae47c0000, 0x0000029ae4a30000, 0x0000029ae4d60000]
CodeCache: size=245760Kb, used=26111Kb, max_used=26325Kb, free=219647Kb
 total_blobs=9999, nmethods=9255, adapters=650, full_count=0
Compilation: enabled, stopped_count=0, restarted_count=0

Compilation events (20 events):
Event: 52.869 Thread 0x0000029af0b195f0 nmethod 10007 0x0000029add748410 code [0x0000029add748600, 0x0000029add748b20]
Event: 52.869 Thread 0x0000029af0b195f0 10008       1       org.eclipse.m2e.jdt.internal.ClasspathEntryDescriptor::getEntryKind (5 bytes)
Event: 52.870 Thread 0x0000029af0b195f0 nmethod 10008 0x0000029ae52cf310 code [0x0000029ae52cf4a0, 0x0000029ae52cf568]
Event: 52.871 Thread 0x0000029af0b14720 nmethod 10002 0x0000029ae52cf610 code [0x0000029ae52cf820, 0x0000029ae52d0038]
Event: 52.871 Thread 0x0000029af0b14720 10006       4       lombok.launch.PackageShader::apply (252 bytes)
Event: 52.879 Thread 0x0000029af0b195f0 10009       3       java.io.InputStream::readNBytes (53 bytes)
Event: 52.879 Thread 0x0000029af0b195f0 nmethod 10009 0x0000029add747b90 code [0x0000029add747d80, 0x0000029add748230]
Event: 52.884 Thread 0x0000029af0b195f0 10010       3       java.util.jar.JarFile::<init> (95 bytes)
Event: 52.886 Thread 0x0000029af0b195f0 nmethod 10010 0x0000029add746410 code [0x0000029add7466e0, 0x0000029add747698]
Event: 52.890 Thread 0x0000029af0b195f0 10011   !   3       java.util.jar.JarFile::getBytes (218 bytes)
Event: 52.891 Thread 0x0000029af7362ff0 nmethod 10003 0x0000029ae52d0610 code [0x0000029ae52d0820, 0x0000029ae52d1068]
Event: 52.892 Thread 0x0000029af7362ff0 10012       4       java.util.WeakHashMap::put (160 bytes)
Event: 52.895 Thread 0x0000029af0b195f0 nmethod 10011 0x0000029add743c90 code [0x0000029add7440a0, 0x0000029add7457a8]
Event: 52.911 Thread 0x0000029af0b195f0 10013       3       org.eclipse.jdt.ls.core.internal.handlers.ProgressReporterManager$MulticastProgressReporter::isCanceled (45 bytes)
Event: 52.912 Thread 0x0000029af0b195f0 nmethod 10013 0x0000029add743290 code [0x0000029add7434a0, 0x0000029add743af8]
Event: 52.913 Thread 0x0000029af0b195f0 10014       3       java.util.jar.Manifest::<init> (38 bytes)
Event: 52.914 Thread 0x0000029af0b195f0 nmethod 10014 0x0000029add742890 code [0x0000029add742a80, 0x0000029add742ff8]
Event: 52.923 Thread 0x0000029af0b195f0 10015       3       java.lang.invoke.LambdaForm$MH/0x0000029a81142000::invoke (27 bytes)
Event: 52.923 Thread 0x0000029af0b195f0 nmethod 10015 0x0000029add831210 code [0x0000029add8313e0, 0x0000029add831860]
Event: 52.923 Thread 0x0000029af0b195f0 10016       3       java.lang.StringConcatHelper::newArrayWithSuffix (40 bytes)

GC Heap History (20 events):
Event: 50.761 GC heap before
{Heap before GC invocations=31 (full 2):
 PSYoungGen      total 23552K, used 23053K [0x00000000d5580000, 0x00000000d6e80000, 0x0000000100000000)
  eden space 21504K, 99% used [0x00000000d5580000,0x00000000d6a7ffc8,0x00000000d6a80000)
  from space 2048K, 75% used [0x00000000d6c80000,0x00000000d6e03510,0x00000000d6e80000)
  to   space 2048K, 0% used [0x00000000d6a80000,0x00000000d6a80000,0x00000000d6c80000)
 ParOldGen       total 68608K, used 36168K [0x0000000080000000, 0x0000000084300000, 0x00000000d5580000)
  object space 68608K, 52% used [0x0000000080000000,0x0000000082352358,0x0000000084300000)
 Metaspace       used 58258K, committed 59520K, reserved 1114112K
  class space    used 6365K, committed 6912K, reserved 1048576K
}
Event: 50.765 GC heap after
{Heap after GC invocations=31 (full 2):
 PSYoungGen      total 23552K, used 1821K [0x00000000d5580000, 0x00000000d6e80000, 0x0000000100000000)
  eden space 21504K, 0% used [0x00000000d5580000,0x00000000d5580000,0x00000000d6a80000)
  from space 2048K, 88% used [0x00000000d6a80000,0x00000000d6c476e0,0x00000000d6c80000)
  to   space 2048K, 0% used [0x00000000d6c80000,0x00000000d6c80000,0x00000000d6e80000)
 ParOldGen       total 68608K, used 37609K [0x0000000080000000, 0x0000000084300000, 0x00000000d5580000)
  object space 68608K, 54% used [0x0000000080000000,0x00000000824ba5a0,0x0000000084300000)
 Metaspace       used 58258K, committed 59520K, reserved 1114112K
  class space    used 6365K, committed 6912K, reserved 1048576K
}
Event: 50.908 GC heap before
{Heap before GC invocations=32 (full 2):
 PSYoungGen      total 23552K, used 23323K [0x00000000d5580000, 0x00000000d6e80000, 0x0000000100000000)
  eden space 21504K, 99% used [0x00000000d5580000,0x00000000d6a7f5f0,0x00000000d6a80000)
  from space 2048K, 88% used [0x00000000d6a80000,0x00000000d6c476e0,0x00000000d6c80000)
  to   space 2048K, 0% used [0x00000000d6c80000,0x00000000d6c80000,0x00000000d6e80000)
 ParOldGen       total 68608K, used 37609K [0x0000000080000000, 0x0000000084300000, 0x00000000d5580000)
  object space 68608K, 54% used [0x0000000080000000,0x00000000824ba5a0,0x0000000084300000)
 Metaspace       used 58312K, committed 59648K, reserved 1114112K
  class space    used 6372K, committed 6976K, reserved 1048576K
}
Event: 50.912 GC heap after
{Heap after GC invocations=32 (full 2):
 PSYoungGen      total 21504K, used 2016K [0x00000000d5580000, 0x00000000d7280000, 0x0000000100000000)
  eden space 19456K, 0% used [0x00000000d5580000,0x00000000d5580000,0x00000000d6880000)
  from space 2048K, 98% used [0x00000000d6c80000,0x00000000d6e78010,0x00000000d6e80000)
  to   space 4096K, 0% used [0x00000000d6880000,0x00000000d6880000,0x00000000d6c80000)
 ParOldGen       total 68608K, used 39266K [0x0000000080000000, 0x0000000084300000, 0x00000000d5580000)
  object space 68608K, 57% used [0x0000000080000000,0x0000000082658a68,0x0000000084300000)
 Metaspace       used 58312K, committed 59648K, reserved 1114112K
  class space    used 6372K, committed 6976K, reserved 1048576K
}
Event: 51.110 GC heap before
{Heap before GC invocations=33 (full 2):
 PSYoungGen      total 21504K, used 12309K [0x00000000d5580000, 0x00000000d7280000, 0x0000000100000000)
  eden space 19456K, 52% used [0x00000000d5580000,0x00000000d5f8d468,0x00000000d6880000)
  from space 2048K, 98% used [0x00000000d6c80000,0x00000000d6e78010,0x00000000d6e80000)
  to   space 4096K, 0% used [0x00000000d6880000,0x00000000d6880000,0x00000000d6c80000)
 ParOldGen       total 68608K, used 39266K [0x0000000080000000, 0x0000000084300000, 0x00000000d5580000)
  object space 68608K, 57% used [0x0000000080000000,0x0000000082658a68,0x0000000084300000)
 Metaspace       used 58493K, committed 59776K, reserved 1114112K
  class space    used 6396K, committed 6976K, reserved 1048576K
}
Event: 51.121 GC heap after
{Heap after GC invocations=33 (full 2):
 PSYoungGen      total 23552K, used 1474K [0x00000000d5580000, 0x00000000d6f80000, 0x0000000100000000)
  eden space 19456K, 0% used [0x00000000d5580000,0x00000000d5580000,0x00000000d6880000)
  from space 4096K, 35% used [0x00000000d6880000,0x00000000d69f0820,0x00000000d6c80000)
  to   space 2560K, 0% used [0x00000000d6d00000,0x00000000d6d00000,0x00000000d6f80000)
 ParOldGen       total 68608K, used 41226K [0x0000000080000000, 0x0000000084300000, 0x00000000d5580000)
  object space 68608K, 60% used [0x0000000080000000,0x0000000082842a78,0x0000000084300000)
 Metaspace       used 58493K, committed 59776K, reserved 1114112K
  class space    used 6396K, committed 6976K, reserved 1048576K
}
Event: 51.121 GC heap before
{Heap before GC invocations=34 (full 3):
 PSYoungGen      total 23552K, used 1474K [0x00000000d5580000, 0x00000000d6f80000, 0x0000000100000000)
  eden space 19456K, 0% used [0x00000000d5580000,0x00000000d5580000,0x00000000d6880000)
  from space 4096K, 35% used [0x00000000d6880000,0x00000000d69f0820,0x00000000d6c80000)
  to   space 2560K, 0% used [0x00000000d6d00000,0x00000000d6d00000,0x00000000d6f80000)
 ParOldGen       total 68608K, used 41226K [0x0000000080000000, 0x0000000084300000, 0x00000000d5580000)
  object space 68608K, 60% used [0x0000000080000000,0x0000000082842a78,0x0000000084300000)
 Metaspace       used 58493K, committed 59776K, reserved 1114112K
  class space    used 6396K, committed 6976K, reserved 1048576K
}
Event: 51.323 GC heap after
{Heap after GC invocations=34 (full 3):
 PSYoungGen      total 23552K, used 0K [0x00000000d5580000, 0x00000000d6f80000, 0x0000000100000000)
  eden space 19456K, 0% used [0x00000000d5580000,0x00000000d5580000,0x00000000d6880000)
  from space 4096K, 0% used [0x00000000d6880000,0x00000000d6880000,0x00000000d6c80000)
  to   space 2560K, 0% used [0x00000000d6d00000,0x00000000d6d00000,0x00000000d6f80000)
 ParOldGen       total 68608K, used 38134K [0x0000000080000000, 0x0000000084300000, 0x00000000d5580000)
  object space 68608K, 55% used [0x0000000080000000,0x000000008253d9f8,0x0000000084300000)
 Metaspace       used 58493K, committed 59776K, reserved 1114112K
  class space    used 6396K, committed 6976K, reserved 1048576K
}
Event: 51.646 GC heap before
{Heap before GC invocations=35 (full 3):
 PSYoungGen      total 23552K, used 19456K [0x00000000d5580000, 0x00000000d6f80000, 0x0000000100000000)
  eden space 19456K, 100% used [0x00000000d5580000,0x00000000d6880000,0x00000000d6880000)
  from space 4096K, 0% used [0x00000000d6880000,0x00000000d6880000,0x00000000d6c80000)
  to   space 2560K, 0% used [0x00000000d6d00000,0x00000000d6d00000,0x00000000d6f80000)
 ParOldGen       total 68608K, used 38134K [0x0000000080000000, 0x0000000084300000, 0x00000000d5580000)
  object space 68608K, 55% used [0x0000000080000000,0x000000008253d9f8,0x0000000084300000)
 Metaspace       used 59084K, committed 60352K, reserved 1114112K
  class space    used 6482K, committed 7040K, reserved 1048576K
}
Event: 51.649 GC heap after
{Heap after GC invocations=35 (full 3):
 PSYoungGen      total 21504K, used 1792K [0x00000000d5580000, 0x00000000d6f00000, 0x0000000100000000)
  eden space 19456K, 0% used [0x00000000d5580000,0x00000000d5580000,0x00000000d6880000)
  from space 2048K, 87% used [0x00000000d6d00000,0x00000000d6ec0040,0x00000000d6f00000)
  to   space 2048K, 0% used [0x00000000d6b00000,0x00000000d6b00000,0x00000000d6d00000)
 ParOldGen       total 68608K, used 38134K [0x0000000080000000, 0x0000000084300000, 0x00000000d5580000)
  object space 68608K, 55% used [0x0000000080000000,0x000000008253d9f8,0x0000000084300000)
 Metaspace       used 59084K, committed 60352K, reserved 1114112K
  class space    used 6482K, committed 7040K, reserved 1048576K
}
Event: 51.844 GC heap before
{Heap before GC invocations=36 (full 3):
 PSYoungGen      total 21504K, used 21248K [0x00000000d5580000, 0x00000000d6f00000, 0x0000000100000000)
  eden space 19456K, 100% used [0x00000000d5580000,0x00000000d6880000,0x00000000d6880000)
  from space 2048K, 87% used [0x00000000d6d00000,0x00000000d6ec0040,0x00000000d6f00000)
  to   space 2048K, 0% used [0x00000000d6b00000,0x00000000d6b00000,0x00000000d6d00000)
 ParOldGen       total 68608K, used 38134K [0x0000000080000000, 0x0000000084300000, 0x00000000d5580000)
  object space 68608K, 55% used [0x0000000080000000,0x000000008253d9f8,0x0000000084300000)
 Metaspace       used 59162K, committed 60416K, reserved 1114112K
  class space    used 6493K, committed 7040K, reserved 1048576K
}
Event: 51.854 GC heap after
{Heap after GC invocations=36 (full 3):
 PSYoungGen      total 21504K, used 1920K [0x00000000d5580000, 0x00000000d6d80000, 0x0000000100000000)
  eden space 19456K, 0% used [0x00000000d5580000,0x00000000d5580000,0x00000000d6880000)
  from space 2048K, 93% used [0x00000000d6b00000,0x00000000d6ce0000,0x00000000d6d00000)
  to   space 512K, 0% used [0x00000000d6d00000,0x00000000d6d00000,0x00000000d6d80000)
 ParOldGen       total 68608K, used 39770K [0x0000000080000000, 0x0000000084300000, 0x00000000d5580000)
  object space 68608K, 57% used [0x0000000080000000,0x00000000826d6b60,0x0000000084300000)
 Metaspace       used 59162K, committed 60416K, reserved 1114112K
  class space    used 6493K, committed 7040K, reserved 1048576K
}
Event: 52.095 GC heap before
{Heap before GC invocations=37 (full 3):
 PSYoungGen      total 21504K, used 21376K [0x00000000d5580000, 0x00000000d6d80000, 0x0000000100000000)
  eden space 19456K, 100% used [0x00000000d5580000,0x00000000d6880000,0x00000000d6880000)
  from space 2048K, 93% used [0x00000000d6b00000,0x00000000d6ce0000,0x00000000d6d00000)
  to   space 512K, 0% used [0x00000000d6d00000,0x00000000d6d00000,0x00000000d6d80000)
 ParOldGen       total 68608K, used 39772K [0x0000000080000000, 0x0000000084300000, 0x00000000d5580000)
  object space 68608K, 57% used [0x0000000080000000,0x00000000826d71b0,0x0000000084300000)
 Metaspace       used 59216K, committed 60480K, reserved 1114112K
  class space    used 6505K, committed 7040K, reserved 1048576K
}
Event: 52.101 GC heap after
{Heap after GC invocations=37 (full 3):
 PSYoungGen      total 19968K, used 512K [0x00000000d5580000, 0x00000000d7080000, 0x0000000100000000)
  eden space 19456K, 0% used [0x00000000d5580000,0x00000000d5580000,0x00000000d6880000)
  from space 512K, 100% used [0x00000000d6d00000,0x00000000d6d80000,0x00000000d6d80000)
  to   space 4096K, 0% used [0x00000000d6880000,0x00000000d6880000,0x00000000d6c80000)
 ParOldGen       total 68608K, used 42939K [0x0000000080000000, 0x0000000084300000, 0x00000000d5580000)
  object space 68608K, 62% used [0x0000000080000000,0x00000000829eec00,0x0000000084300000)
 Metaspace       used 59216K, committed 60480K, reserved 1114112K
  class space    used 6505K, committed 7040K, reserved 1048576K
}
Event: 52.212 GC heap before
{Heap before GC invocations=38 (full 3):
 PSYoungGen      total 19968K, used 19968K [0x00000000d5580000, 0x00000000d7080000, 0x0000000100000000)
  eden space 19456K, 100% used [0x00000000d5580000,0x00000000d6880000,0x00000000d6880000)
  from space 512K, 100% used [0x00000000d6d00000,0x00000000d6d80000,0x00000000d6d80000)
  to   space 4096K, 0% used [0x00000000d6880000,0x00000000d6880000,0x00000000d6c80000)
 ParOldGen       total 68608K, used 42941K [0x0000000080000000, 0x0000000084300000, 0x00000000d5580000)
  object space 68608K, 62% used [0x0000000080000000,0x00000000829ef428,0x0000000084300000)
 Metaspace       used 59341K, committed 60608K, reserved 1114112K
  class space    used 6523K, committed 7104K, reserved 1048576K
}
Event: 52.218 GC heap after
{Heap after GC invocations=38 (full 3):
 PSYoungGen      total 21504K, used 1984K [0x00000000d5580000, 0x00000000d6e80000, 0x0000000100000000)
  eden space 19456K, 0% used [0x00000000d5580000,0x00000000d5580000,0x00000000d6880000)
  from space 2048K, 96% used [0x00000000d6880000,0x00000000d6a70010,0x00000000d6a80000)
  to   space 3072K, 0% used [0x00000000d6b80000,0x00000000d6b80000,0x00000000d6e80000)
 ParOldGen       total 68608K, used 43482K [0x0000000080000000, 0x0000000084300000, 0x00000000d5580000)
  object space 68608K, 63% used [0x0000000080000000,0x0000000082a76950,0x0000000084300000)
 Metaspace       used 59341K, committed 60608K, reserved 1114112K
  class space    used 6523K, committed 7104K, reserved 1048576K
}
Event: 52.373 GC heap before
{Heap before GC invocations=39 (full 3):
 PSYoungGen      total 21504K, used 21440K [0x00000000d5580000, 0x00000000d6e80000, 0x0000000100000000)
  eden space 19456K, 100% used [0x00000000d5580000,0x00000000d6880000,0x00000000d6880000)
  from space 2048K, 96% used [0x00000000d6880000,0x00000000d6a70010,0x00000000d6a80000)
  to   space 3072K, 0% used [0x00000000d6b80000,0x00000000d6b80000,0x00000000d6e80000)
 ParOldGen       total 68608K, used 43482K [0x0000000080000000, 0x0000000084300000, 0x00000000d5580000)
  object space 68608K, 63% used [0x0000000080000000,0x0000000082a76950,0x0000000084300000)
 Metaspace       used 59513K, committed 60800K, reserved 1114112K
  class space    used 6534K, committed 7104K, reserved 1048576K
}
Event: 52.379 GC heap after
{Heap after GC invocations=39 (full 3):
 PSYoungGen      total 21504K, used 1802K [0x00000000d5580000, 0x00000000d6d80000, 0x0000000100000000)
  eden space 19456K, 0% used [0x00000000d5580000,0x00000000d5580000,0x00000000d6880000)
  from space 2048K, 88% used [0x00000000d6b80000,0x00000000d6d42aa8,0x00000000d6d80000)
  to   space 2048K, 0% used [0x00000000d6880000,0x00000000d6880000,0x00000000d6a80000)
 ParOldGen       total 68608K, used 45322K [0x0000000080000000, 0x0000000084300000, 0x00000000d5580000)
  object space 68608K, 66% used [0x0000000080000000,0x0000000082c42960,0x0000000084300000)
 Metaspace       used 59513K, committed 60800K, reserved 1114112K
  class space    used 6534K, committed 7104K, reserved 1048576K
}
Event: 52.744 GC heap before
{Heap before GC invocations=40 (full 3):
 PSYoungGen      total 21504K, used 21240K [0x00000000d5580000, 0x00000000d6d80000, 0x0000000100000000)
  eden space 19456K, 99% used [0x00000000d5580000,0x00000000d687b5d0,0x00000000d6880000)
  from space 2048K, 88% used [0x00000000d6b80000,0x00000000d6d42aa8,0x00000000d6d80000)
  to   space 2048K, 0% used [0x00000000d6880000,0x00000000d6880000,0x00000000d6a80000)
 ParOldGen       total 68608K, used 46103K [0x0000000080000000, 0x0000000084300000, 0x00000000d5580000)
  object space 68608K, 67% used [0x0000000080000000,0x0000000082d05e70,0x0000000084300000)
 Metaspace       used 59783K, committed 61056K, reserved 1114112K
  class space    used 6555K, committed 7104K, reserved 1048576K
}
Event: 52.749 GC heap after
{Heap after GC invocations=40 (full 3):
 PSYoungGen      total 21504K, used 1658K [0x00000000d5580000, 0x00000000d6c80000, 0x0000000100000000)
  eden space 19456K, 0% used [0x00000000d5580000,0x00000000d5580000,0x00000000d6880000)
  from space 2048K, 80% used [0x00000000d6880000,0x00000000d6a1ea58,0x00000000d6a80000)
  to   space 2048K, 0% used [0x00000000d6a80000,0x00000000d6a80000,0x00000000d6c80000)
 ParOldGen       total 68608K, used 47720K [0x0000000080000000, 0x0000000084300000, 0x00000000d5580000)
  object space 68608K, 69% used [0x0000000080000000,0x0000000082e9a070,0x0000000084300000)
 Metaspace       used 59783K, committed 61056K, reserved 1114112K
  class space    used 6555K, committed 7104K, reserved 1048576K
}

Dll operation events (14 events):
Event: 0.017 Loaded shared library c:\Users\HP\.vscode\extensions\redhat.java-1.52.0-win32-x64\jre\21.0.9-win32-x86_64\bin\java.dll
Event: 0.119 Loaded shared library c:\Users\HP\.vscode\extensions\redhat.java-1.52.0-win32-x64\jre\21.0.9-win32-x86_64\bin\zip.dll
Event: 0.184 Loaded shared library C:\Users\HP\.vscode\extensions\redhat.java-1.52.0-win32-x64\jre\21.0.9-win32-x86_64\bin\instrument.dll
Event: 0.197 Loaded shared library C:\Users\HP\.vscode\extensions\redhat.java-1.52.0-win32-x64\jre\21.0.9-win32-x86_64\bin\net.dll
Event: 0.200 Loaded shared library C:\Users\HP\.vscode\extensions\redhat.java-1.52.0-win32-x64\jre\21.0.9-win32-x86_64\bin\nio.dll
Event: 0.206 Loaded shared library C:\Users\HP\.vscode\extensions\redhat.java-1.52.0-win32-x64\jre\21.0.9-win32-x86_64\bin\zip.dll
Event: 0.239 Loaded shared library C:\Users\HP\.vscode\extensions\redhat.java-1.52.0-win32-x64\jre\21.0.9-win32-x86_64\bin\jimage.dll
Event: 0.371 Loaded shared library c:\Users\HP\.vscode\extensions\redhat.java-1.52.0-win32-x64\jre\21.0.9-win32-x86_64\bin\verify.dll
Event: 3.239 Loaded shared library C:\Users\HP\AppData\Roaming\Code\User\globalStorage\redhat.java\1.52.0\config_win\org.eclipse.equinox.launcher\org.eclipse.equinox.launcher.win32.win32.x86_64_1.2.1500.v20260121-1430\eclipse_11919.dll
Event: 6.154 Loaded shared library C:\Users\HP\.vscode\extensions\redhat.java-1.52.0-win32-x64\jre\21.0.9-win32-x86_64\bin\management.dll
Event: 6.167 Loaded shared library C:\Users\HP\.vscode\extensions\redhat.java-1.52.0-win32-x64\jre\21.0.9-win32-x86_64\bin\management_ext.dll
Event: 9.210 Loaded shared library C:\Users\HP\AppData\Local\Temp\jna-2312\jna443694859724672048.dll
Event: 10.520 Loaded shared library C:\Users\HP\.vscode\extensions\redhat.java-1.52.0-win32-x64\jre\21.0.9-win32-x86_64\bin\sunmscapi.dll
Event: 10.869 Loaded shared library C:\Users\HP\.vscode\extensions\redhat.java-1.52.0-win32-x64\jre\21.0.9-win32-x86_64\bin\extnet.dll

Deoptimization events (20 events):
Event: 52.565 Thread 0x0000029af2e44fd0 Uncommon trap: trap_request=0xffffff45 fr.pc=0x0000029ae52600b8 relative=0x0000000000001058
Event: 52.565 Thread 0x0000029af2e44fd0 Uncommon trap: reason=unstable_if action=reinterpret pc=0x0000029ae52600b8 method=org.eclipse.core.runtime.Path.toOSString()Ljava/lang/String; @ 66 c2
Event: 52.565 Thread 0x0000029af2e44fd0 DEOPT PACKING pc=0x0000029ae52600b8 sp=0x000000abd0efe830
Event: 52.565 Thread 0x0000029af2e44fd0 DEOPT UNPACKING pc=0x0000029ae4813aa2 sp=0x000000abd0efe7f0 mode 2
Event: 52.731 Thread 0x0000029af2e44fd0 Uncommon trap: trap_request=0xffffffc6 fr.pc=0x0000029ae51d3830 relative=0x0000000000000bf0
Event: 52.731 Thread 0x0000029af2e44fd0 Uncommon trap: reason=bimorphic_or_optimized_type_check action=maybe_recompile pc=0x0000029ae51d3830 method=java.util.concurrent.ConcurrentHashMap.putAll(Ljava/util/Map;)V @ 32 c2
Event: 52.731 Thread 0x0000029af2e44fd0 DEOPT PACKING pc=0x0000029ae51d3830 sp=0x000000abd0efe6b0
Event: 52.731 Thread 0x0000029af2e44fd0 DEOPT UNPACKING pc=0x0000029ae4813aa2 sp=0x000000abd0efe680 mode 2
Event: 52.774 Thread 0x0000029af2e414c0 Uncommon trap: trap_request=0xffffff45 fr.pc=0x0000029ae524ffe0 relative=0x0000000000000d20
Event: 52.774 Thread 0x0000029af2e414c0 Uncommon trap: reason=unstable_if action=reinterpret pc=0x0000029ae524ffe0 method=java.util.zip.ZipFile$Source.isSignatureRelated(II)Z @ 143 c2
Event: 52.774 Thread 0x0000029af2e414c0 DEOPT PACKING pc=0x0000029ae524ffe0 sp=0x000000abd04fdc50
Event: 52.774 Thread 0x0000029af2e414c0 DEOPT UNPACKING pc=0x0000029ae4813aa2 sp=0x000000abd04fdb88 mode 2
Event: 52.779 Thread 0x0000029af2e414c0 DEOPT PACKING pc=0x0000029add947e9c sp=0x000000abd04fe020
Event: 52.779 Thread 0x0000029af2e414c0 DEOPT UNPACKING pc=0x0000029ae4814242 sp=0x000000abd04fd490 mode 0
Event: 52.837 Thread 0x0000029af2e414c0 DEOPT PACKING pc=0x0000029add9c8c67 sp=0x000000abd04fdbb0
Event: 52.837 Thread 0x0000029af2e414c0 DEOPT UNPACKING pc=0x0000029ae4814242 sp=0x000000abd04fd120 mode 0
Event: 52.862 Thread 0x0000029af2e44940 DEOPT PACKING pc=0x0000029adda6210d sp=0x000000abd07fd330
Event: 52.862 Thread 0x0000029af2e44940 DEOPT UNPACKING pc=0x0000029ae4814242 sp=0x000000abd07fc7e0 mode 0
Event: 52.905 Thread 0x0000029af2e44940 DEOPT PACKING pc=0x0000029adda6210d sp=0x000000abd07f9ad0
Event: 52.905 Thread 0x0000029af2e44940 DEOPT UNPACKING pc=0x0000029ae4814242 sp=0x000000abd07f8f80 mode 0

Classes loaded (20 events):
Event: 49.940 Loading class jdk/internal/jrtfs/JrtPath
Event: 49.942 Loading class jdk/internal/jrtfs/JrtPath done
Event: 49.942 Loading class jdk/internal/jimage/ImageReader$Node
Event: 49.942 Loading class jdk/internal/jimage/ImageReader$Node done
Event: 49.957 Loading class java/nio/ByteBufferAsIntBufferL
Event: 49.958 Loading class java/nio/ByteBufferAsIntBufferL done
Event: 50.047 Loading class jdk/internal/jimage/ImageReader$Directory
Event: 50.048 Loading class jdk/internal/jimage/ImageReader$Directory done
Event: 51.514 Loading class java/nio/channels/Channels$ReadableByteChannelImpl
Event: 51.515 Loading class java/nio/channels/Channels$ReadableByteChannelImpl done
Event: 51.533 Loading class java/nio/channels/NonWritableChannelException
Event: 51.533 Loading class java/nio/channels/NonWritableChannelException done
Event: 51.814 Loading class sun/nio/cs/ThreadLocalCoders
Event: 51.821 Loading class sun/nio/cs/ThreadLocalCoders done
Event: 51.821 Loading class sun/nio/cs/ThreadLocalCoders$1
Event: 51.822 Loading class sun/nio/cs/ThreadLocalCoders$Cache
Event: 51.822 Loading class sun/nio/cs/ThreadLocalCoders$Cache done
Event: 51.822 Loading class sun/nio/cs/ThreadLocalCoders$1 done
Event: 51.822 Loading class sun/nio/cs/ThreadLocalCoders$2
Event: 51.822 Loading class sun/nio/cs/ThreadLocalCoders$2 done

Classes unloaded (20 events):
Event: 7.724 Thread 0x0000029af0b036a0 Unloading class 0x0000029a811a4c00 'java/lang/invoke/LambdaForm$MH+0x0000029a811a4c00'
Event: 7.724 Thread 0x0000029af0b036a0 Unloading class 0x0000029a811a4800 'java/lang/invoke/LambdaForm$MH+0x0000029a811a4800'
Event: 7.724 Thread 0x0000029af0b036a0 Unloading class 0x0000029a811a4400 'java/lang/invoke/LambdaForm$MH+0x0000029a811a4400'
Event: 7.724 Thread 0x0000029af0b036a0 Unloading class 0x0000029a811a4000 'java/lang/invoke/LambdaForm$BMH+0x0000029a811a4000'
Event: 7.724 Thread 0x0000029af0b036a0 Unloading class 0x0000029a811a3c00 'java/lang/invoke/LambdaForm$DMH+0x0000029a811a3c00'
Event: 7.724 Thread 0x0000029af0b036a0 Unloading class 0x0000029a811a2800 'java/lang/invoke/LambdaForm$DMH+0x0000029a811a2800'
Event: 10.383 Thread 0x0000029af0b036a0 Unloading class 0x0000029a81303000 'java/lang/invoke/LambdaForm$MH+0x0000029a81303000'
Event: 10.383 Thread 0x0000029af0b036a0 Unloading class 0x0000029a81302400 'java/lang/invoke/LambdaForm$MH+0x0000029a81302400'
Event: 10.383 Thread 0x0000029af0b036a0 Unloading class 0x0000029a81301c00 'java/lang/invoke/LambdaForm$MH+0x0000029a81301c00'
Event: 10.383 Thread 0x0000029af0b036a0 Unloading class 0x0000029a81301400 'java/lang/invoke/LambdaForm$MH+0x0000029a81301400'
Event: 10.383 Thread 0x0000029af0b036a0 Unloading class 0x0000029a81301000 'java/lang/invoke/LambdaForm$DMH+0x0000029a81301000'
Event: 10.383 Thread 0x0000029af0b036a0 Unloading class 0x0000029a81300400 'java/lang/invoke/LambdaForm$MH+0x0000029a81300400'
Event: 10.383 Thread 0x0000029af0b036a0 Unloading class 0x0000029a812fcc00 'java/lang/invoke/LambdaForm$MH+0x0000029a812fcc00'
Event: 10.383 Thread 0x0000029af0b036a0 Unloading class 0x0000029a812fc400 'java/lang/invoke/LambdaForm$MH+0x0000029a812fc400'
Event: 10.383 Thread 0x0000029af0b036a0 Unloading class 0x0000029a812fbc00 'java/lang/invoke/LambdaForm$MH+0x0000029a812fbc00'
Event: 10.383 Thread 0x0000029af0b036a0 Unloading class 0x0000029a812fb400 'java/lang/invoke/LambdaForm$MH+0x0000029a812fb400'
Event: 10.383 Thread 0x0000029af0b036a0 Unloading class 0x0000029a812fac00 'java/lang/invoke/LambdaForm$MH+0x0000029a812fac00'
Event: 10.383 Thread 0x0000029af0b036a0 Unloading class 0x0000029a812fa400 'java/lang/invoke/LambdaForm$MH+0x0000029a812fa400'
Event: 10.383 Thread 0x0000029af0b036a0 Unloading class 0x0000029a812fa000 'java/lang/invoke/LambdaForm$MH+0x0000029a812fa000'
Event: 10.383 Thread 0x0000029af0b036a0 Unloading class 0x0000029a812f9800 'java/lang/invoke/LambdaForm$MH+0x0000029a812f9800'

Classes redefined (0 events):
No events

Internal exceptions (20 events):
Event: 49.113 Thread 0x0000029af2e414c0 Exception <a 'java/io/FileNotFoundException'{0x00000000d682aae0}> (0x00000000d682aae0) 
thrown [s\src\hotspot\share\prims\jni.cpp, line 520]
Event: 49.275 Thread 0x0000029af2e414c0 Exception <a 'sun/nio/fs/WindowsException'{0x00000000d5656960}> (0x00000000d5656960) 
thrown [s\src\hotspot\share\prims\jni.cpp, line 520]
Event: 49.275 Thread 0x0000029af2e414c0 Exception <a 'sun/nio/fs/WindowsException'{0x00000000d5657240}> (0x00000000d5657240) 
thrown [s\src\hotspot\share\prims\jni.cpp, line 520]
Event: 49.280 Thread 0x0000029af2e414c0 Exception <a 'sun/nio/fs/WindowsException'{0x00000000d569cd90}> (0x00000000d569cd90) 
thrown [s\src\hotspot\share\prims\jni.cpp, line 520]
Event: 49.280 Thread 0x0000029af2e414c0 Exception <a 'sun/nio/fs/WindowsException'{0x00000000d569d670}> (0x00000000d569d670) 
thrown [s\src\hotspot\share\prims\jni.cpp, line 520]
Event: 49.480 Thread 0x0000029af2e414c0 Exception <a 'sun/nio/fs/WindowsException'{0x00000000d56a6730}> (0x00000000d56a6730) 
thrown [s\src\hotspot\share\prims\jni.cpp, line 520]
Event: 49.481 Thread 0x0000029af2e414c0 Exception <a 'sun/nio/fs/WindowsException'{0x00000000d56a7010}> (0x00000000d56a7010) 
thrown [s\src\hotspot\share\prims\jni.cpp, line 520]
Event: 49.503 Thread 0x0000029af2e414c0 Exception <a 'sun/nio/fs/WindowsException'{0x00000000d56e2740}> (0x00000000d56e2740) 
thrown [s\src\hotspot\share\prims\jni.cpp, line 520]
Event: 49.503 Thread 0x0000029af2e414c0 Exception <a 'sun/nio/fs/WindowsException'{0x00000000d56e3020}> (0x00000000d56e3020) 
thrown [s\src\hotspot\share\prims\jni.cpp, line 520]
Event: 49.517 Thread 0x0000029af2e414c0 Exception <a 'java/lang/ClassNotFoundException'{0x00000000d5790228}: com/sun/org/apache/xerces/internal/impl/msg/spi/DOMMessagesProvider> (0x00000000d5790228) 
thrown [s\src\hotspot\share\classfile\systemDictionary.cpp, line 312]
Event: 49.520 Thread 0x0000029af2e414c0 Exception <a 'java/lang/ClassNotFoundException'{0x00000000d57a1730}: com/sun/org/apache/xerces/internal/impl/msg/spi/XMLSerializerMessagesProvider> (0x00000000d57a1730) 
thrown [s\src\hotspot\share\classfile\systemDictionary.cpp, line 312]
Event: 49.522 Thread 0x0000029af2e414c0 Exception <a 'java/lang/ClassNotFoundException'{0x00000000d57ae750}: com/sun/org/apache/xerces/internal/impl/msg/spi/XMLMessagesProvider> (0x00000000d57ae750) 
thrown [s\src\hotspot\share\classfile\systemDictionary.cpp, line 312]
Event: 49.561 Thread 0x0000029af2e414c0 Exception <a 'sun/nio/fs/WindowsException'{0x00000000d58f3f90}> (0x00000000d58f3f90) 
thrown [s\src\hotspot\share\prims\jni.cpp, line 520]
Event: 49.561 Thread 0x0000029af2e414c0 Exception <a 'sun/nio/fs/WindowsException'{0x00000000d58f4870}> (0x00000000d58f4870) 
thrown [s\src\hotspot\share\prims\jni.cpp, line 520]
Event: 49.923 Thread 0x0000029af2e414c0 Exception <a 'java/lang/NoSuchMethodError'{0x00000000d5c42de8}: 'java.lang.Object java.lang.invoke.DelegatingMethodHandle$Holder.reinvoke_L(java.lang.Object, int, long, java.lang.Object, java.lang.Object, int, java.lang.Object)'> (0x00000000d5c42de8) 
thrown [s\src\hotspot\share\interpreter\linkResolver.cpp, line 773]
Event: 50.661 Thread 0x0000029af2e44fd0 Exception <a 'sun/nio/fs/WindowsException'{0x00000000d643e378}> (0x00000000d643e378) 
thrown [s\src\hotspot\share\prims\jni.cpp, line 520]
Event: 50.661 Thread 0x0000029af2e44fd0 Exception <a 'sun/nio/fs/WindowsException'{0x00000000d643eeb8}> (0x00000000d643eeb8) 
thrown [s\src\hotspot\share\prims\jni.cpp, line 520]
Event: 50.882 Thread 0x0000029af2e44940 Exception <a 'java/lang/NoSuchMethodError'{0x00000000d643f000}: 'java.lang.Object java.lang.invoke.DirectMethodHandle$Holder.invokeVirtual(java.lang.Object, java.lang.Object, int)'> (0x00000000d643f000) 
thrown [s\src\hotspot\share\interpreter\linkResolver.cpp, line 773]
Event: 52.717 Thread 0x0000029af2e44fd0 Exception <a 'sun/nio/fs/WindowsException'{0x00000000d67f6db8}> (0x00000000d67f6db8) 
thrown [s\src\hotspot\share\prims\jni.cpp, line 520]
Event: 52.717 Thread 0x0000029af2e44fd0 Exception <a 'sun/nio/fs/WindowsException'{0x00000000d67f7698}> (0x00000000d67f7698) 
thrown [s\src\hotspot\share\prims\jni.cpp, line 520]

ZGC Phase Switch (0 events):
No events

VM Operations (20 events):
Event: 51.519 Executing VM operation: HandshakeAllThreads (Deoptimize)
Event: 51.531 Executing VM operation: HandshakeAllThreads (Deoptimize) done
Event: 51.646 Executing VM operation: ParallelGCFailedAllocation (Allocation Failure)
Event: 51.649 Executing VM operation: ParallelGCFailedAllocation (Allocation Failure) done
Event: 51.844 Executing VM operation: ParallelGCFailedAllocation (Allocation Failure)
Event: 51.854 Executing VM operation: ParallelGCFailedAllocation (Allocation Failure) done
Event: 52.095 Executing VM operation: ParallelGCFailedAllocation (Allocation Failure)
Event: 52.095 Executing VM operation: ParallelGCFailedAllocation (Allocation Failure) done
Event: 52.095 Executing VM operation: ParallelGCSystemGC (GCLocker Initiated GC)
Event: 52.101 Executing VM operation: ParallelGCSystemGC (GCLocker Initiated GC) done
Event: 52.207 Executing VM operation: ParallelGCFailedAllocation (Allocation Failure)
Event: 52.218 Executing VM operation: ParallelGCFailedAllocation (Allocation Failure) done
Event: 52.369 Executing VM operation: ParallelGCFailedAllocation (Allocation Failure)
Event: 52.379 Executing VM operation: ParallelGCFailedAllocation (Allocation Failure) done
Event: 52.494 Executing VM operation: HandshakeAllThreads (Deoptimize)
Event: 52.494 Executing VM operation: HandshakeAllThreads (Deoptimize) done
Event: 52.715 Executing VM operation: ParallelGCFailedAllocation (Allocation Failure)
Event: 52.715 Executing VM operation: ParallelGCFailedAllocation (Allocation Failure) done
Event: 52.744 Executing VM operation: ParallelGCSystemGC (GCLocker Initiated GC)
Event: 52.749 Executing VM operation: ParallelGCSystemGC (GCLocker Initiated GC) done

Memory protections (0 events):
No events

Nmethod flushes (20 events):
Event: 51.238 Thread 0x0000029af0b036a0 flushing  nmethod 0x0000029addb6bc90
Event: 51.238 Thread 0x0000029af0b036a0 flushing  nmethod 0x0000029addb6c290
Event: 51.238 Thread 0x0000029af0b036a0 flushing  nmethod 0x0000029addb6c690
Event: 51.238 Thread 0x0000029af0b036a0 flushing  nmethod 0x0000029addb6ca90
Event: 51.239 Thread 0x0000029af0b036a0 flushing  nmethod 0x0000029addb6cf10
Event: 51.239 Thread 0x0000029af0b036a0 flushing  nmethod 0x0000029addb6d890
Event: 51.239 Thread 0x0000029af0b036a0 flushing  nmethod 0x0000029addb6dc90
Event: 51.239 Thread 0x0000029af0b036a0 flushing  nmethod 0x0000029addb6f210
Event: 51.239 Thread 0x0000029af0b036a0 flushing  nmethod 0x0000029addb6f810
Event: 51.239 Thread 0x0000029af0b036a0 flushing  nmethod 0x0000029addb6fc90
Event: 51.239 Thread 0x0000029af0b036a0 flushing  nmethod 0x0000029addba4990
Event: 51.239 Thread 0x0000029af0b036a0 flushing  nmethod 0x0000029addbac410
Event: 51.239 Thread 0x0000029af0b036a0 flushing  nmethod 0x0000029addbacc10
Event: 51.239 Thread 0x0000029af0b036a0 flushing  nmethod 0x0000029addbacf90
Event: 51.239 Thread 0x0000029af0b036a0 flushing  nmethod 0x0000029addbad490
Event: 51.239 Thread 0x0000029af0b036a0 flushing  nmethod 0x0000029addbaf190
Event: 51.239 Thread 0x0000029af0b036a0 flushing  nmethod 0x0000029addbafd10
Event: 51.239 Thread 0x0000029af0b036a0 flushing  nmethod 0x0000029addbbc890
Event: 51.239 Thread 0x0000029af0b036a0 flushing  nmethod 0x0000029addbd7f10
Event: 51.239 Thread 0x0000029af0b036a0 flushing  nmethod 0x0000029addbe2990

Events (20 events):
Event: 46.499 Thread 0x0000029af9443f10 Thread exited: 0x0000029af9443f10
Event: 47.710 Thread 0x0000029af0b195f0 Thread added: 0x0000029af7c8d5c0
Event: 48.079 Thread 0x0000029af2e414c0 Thread added: 0x0000029af9441e40
Event: 48.080 Thread 0x0000029af2e414c0 Thread added: 0x0000029af94424d0
Event: 48.080 Thread 0x0000029af2e414c0 Thread added: 0x0000029af943f6e0
Event: 48.080 Thread 0x0000029af2e414c0 Thread added: 0x0000029af9440a90
Event: 48.080 Thread 0x0000029af2e414c0 Thread added: 0x0000029af9440400
Event: 48.166 Thread 0x0000029af9440400 Thread exited: 0x0000029af9440400
Event: 48.167 Thread 0x0000029af94424d0 Thread exited: 0x0000029af94424d0
Event: 48.167 Thread 0x0000029af9440a90 Thread exited: 0x0000029af9440a90
Event: 48.167 Thread 0x0000029af9441e40 Thread exited: 0x0000029af9441e40
Event: 48.167 Thread 0x0000029af943f6e0 Thread exited: 0x0000029af943f6e0
Event: 48.715 Thread 0x0000029af7c8d5c0 Thread exited: 0x0000029af7c8d5c0
Event: 49.481 Thread 0x0000029af0b195f0 Thread added: 0x0000029afa5c4090
Event: 50.063 Thread 0x0000029afa5c4090 Thread exited: 0x0000029afa5c4090
Event: 50.156 Thread 0x0000029af0b195f0 Thread added: 0x0000029af7c8d5c0
Event: 50.354 Thread 0x0000029af7c8d5c0 Thread exited: 0x0000029af7c8d5c0
Event: 50.778 Thread 0x0000029af0b195f0 Thread added: 0x0000029af7c8d5c0
Event: 51.559 Thread 0x0000029af7c8d5c0 Thread exited: 0x0000029af7c8d5c0
Event: 51.573 Thread 0x0000029af0b14720 Thread added: 0x0000029af7362ff0


Dynamic libraries:
0x00007ff74abe0000 - 0x00007ff74abee000 	c:\Users\HP\.vscode\extensions\redhat.java-1.52.0-win32-x64\jre\21.0.9-win32-x86_64\bin\java.exe
0x00007ffd8d490000 - 0x00007ffd8d6a7000 	C:\WINDOWS\SYSTEM32\ntdll.dll
0x00007ffd8c1f0000 - 0x00007ffd8c2b4000 	C:\WINDOWS\System32\KERNEL32.DLL
0x00007ffd8ada0000 - 0x00007ffd8b14d000 	C:\WINDOWS\System32\KERNELBASE.dll
0x00007ffd8a9c0000 - 0x00007ffd8aad1000 	C:\WINDOWS\System32\ucrtbase.dll
0x00007ffd6bee0000 - 0x00007ffd6befe000 	c:\Users\HP\.vscode\extensions\redhat.java-1.52.0-win32-x64\jre\21.0.9-win32-x86_64\bin\VCRUNTIME140.dll
0x00007ffd6ba30000 - 0x00007ffd6ba48000 	c:\Users\HP\.vscode\extensions\redhat.java-1.52.0-win32-x64\jre\21.0.9-win32-x86_64\bin\jli.dll
0x00007ffd8cff0000 - 0x00007ffd8d19e000 	C:\WINDOWS\System32\USER32.dll
0x00007ffd702d0000 - 0x00007ffd70563000 	C:\WINDOWS\WinSxS\amd64_microsoft.windows.common-controls_6595b64144ccf1df_6.0.22621.3672_none_2713b9d173822955\COMCTL32.dll
0x00007ffd8a990000 - 0x00007ffd8a9b6000 	C:\WINDOWS\System32\win32u.dll
0x00007ffd8d240000 - 0x00007ffd8d2e7000 	C:\WINDOWS\System32\msvcrt.dll
0x00007ffd8c480000 - 0x00007ffd8c4a9000 	C:\WINDOWS\System32\GDI32.dll
0x00007ffd8aae0000 - 0x00007ffd8abf9000 	C:\WINDOWS\System32\gdi32full.dll
0x00007ffd8a7c0000 - 0x00007ffd8a85a000 	C:\WINDOWS\System32\msvcp_win.dll
0x00007ffd8c610000 - 0x00007ffd8c641000 	C:\WINDOWS\System32\IMM32.DLL
0x00007ffd82a30000 - 0x00007ffd82a3c000 	c:\Users\HP\.vscode\extensions\redhat.java-1.52.0-win32-x64\jre\21.0.9-win32-x86_64\bin\vcruntime140_1.dll
0x00007ffd44e50000 - 0x00007ffd44edd000 	c:\Users\HP\.vscode\extensions\redhat.java-1.52.0-win32-x64\jre\21.0.9-win32-x86_64\bin\msvcp140.dll
0x00007ffccf940000 - 0x00007ffcd06e0000 	c:\Users\HP\.vscode\extensions\redhat.java-1.52.0-win32-x64\jre\21.0.9-win32-x86_64\bin\server\jvm.dll
0x00007ffd8c030000 - 0x00007ffd8c0e2000 	C:\WINDOWS\System32\ADVAPI32.dll
0x00007ffd8ceb0000 - 0x00007ffd8cf59000 	C:\WINDOWS\System32\sechost.dll
0x00007ffd8ad70000 - 0x00007ffd8ad98000 	C:\WINDOWS\System32\bcrypt.dll
0x00007ffd8bf10000 - 0x00007ffd8c024000 	C:\WINDOWS\System32\RPCRT4.dll
0x00007ffd8b910000 - 0x00007ffd8b981000 	C:\WINDOWS\System32\WS2_32.dll
0x00007ffd8a5d0000 - 0x00007ffd8a61d000 	C:\WINDOWS\SYSTEM32\POWRPROF.dll
0x00007ffd7c780000 - 0x00007ffd7c78a000 	C:\WINDOWS\SYSTEM32\VERSION.dll
0x00007ffd85150000 - 0x00007ffd85184000 	C:\WINDOWS\SYSTEM32\WINMM.dll
0x00007ffd8a4b0000 - 0x00007ffd8a4c3000 	C:\WINDOWS\SYSTEM32\UMPDC.dll
0x00007ffd897b0000 - 0x00007ffd897c8000 	C:\WINDOWS\SYSTEM32\kernel.appcore.dll
0x00007ffd7f0e0000 - 0x00007ffd7f0ea000 	c:\Users\HP\.vscode\extensions\redhat.java-1.52.0-win32-x64\jre\21.0.9-win32-x86_64\bin\jimage.dll
0x00007ffd87ec0000 - 0x00007ffd880f2000 	C:\WINDOWS\SYSTEM32\DBGHELP.DLL
0x00007ffd8b990000 - 0x00007ffd8bd18000 	C:\WINDOWS\System32\combase.dll
0x00007ffd8d310000 - 0x00007ffd8d3e7000 	C:\WINDOWS\System32\OLEAUT32.dll
0x00007ffd0fa20000 - 0x00007ffd0fa52000 	C:\WINDOWS\SYSTEM32\dbgcore.DLL
0x00007ffd8b150000 - 0x00007ffd8b1cb000 	C:\WINDOWS\System32\bcryptPrimitives.dll
0x00007ffd6bed0000 - 0x00007ffd6bedf000 	c:\Users\HP\.vscode\extensions\redhat.java-1.52.0-win32-x64\jre\21.0.9-win32-x86_64\bin\instrument.dll
0x00007ffd6ba10000 - 0x00007ffd6ba30000 	c:\Users\HP\.vscode\extensions\redhat.java-1.52.0-win32-x64\jre\21.0.9-win32-x86_64\bin\java.dll
0x00007ffd8c650000 - 0x00007ffd8ceaf000 	C:\WINDOWS\System32\SHELL32.dll
0x00007ffd886c0000 - 0x00007ffd88fbc000 	C:\WINDOWS\SYSTEM32\windows.storage.dll
0x00007ffd88580000 - 0x00007ffd886bf000 	C:\WINDOWS\SYSTEM32\wintypes.dll
0x00007ffd8c0f0000 - 0x00007ffd8c1e4000 	C:\WINDOWS\System32\SHCORE.dll
0x00007ffd8b430000 - 0x00007ffd8b48e000 	C:\WINDOWS\System32\shlwapi.dll
0x00007ffd8a6f0000 - 0x00007ffd8a711000 	C:\WINDOWS\SYSTEM32\profapi.dll
0x00007ffd65880000 - 0x00007ffd65898000 	c:\Users\HP\.vscode\extensions\redhat.java-1.52.0-win32-x64\jre\21.0.9-win32-x86_64\bin\zip.dll
0x00007ffd6ba00000 - 0x00007ffd6ba10000 	C:\Users\HP\.vscode\extensions\redhat.java-1.52.0-win32-x64\jre\21.0.9-win32-x86_64\bin\net.dll
0x00007ffd85410000 - 0x00007ffd85546000 	C:\WINDOWS\SYSTEM32\WINHTTP.dll
0x00007ffd89c10000 - 0x00007ffd89c79000 	C:\WINDOWS\system32\mswsock.dll
0x00007ffd652d0000 - 0x00007ffd652e6000 	C:\Users\HP\.vscode\extensions\redhat.java-1.52.0-win32-x64\jre\21.0.9-win32-x86_64\bin\nio.dll
0x00007ffd6a8a0000 - 0x00007ffd6a8b0000 	c:\Users\HP\.vscode\extensions\redhat.java-1.52.0-win32-x64\jre\21.0.9-win32-x86_64\bin\verify.dll
0x00007ffd5d670000 - 0x00007ffd5d6b5000 	C:\Users\HP\AppData\Roaming\Code\User\globalStorage\redhat.java\1.52.0\config_win\org.eclipse.equinox.launcher\org.eclipse.equinox.launcher.win32.win32.x86_64_1.2.1500.v20260121-1430\eclipse_11919.dll
0x00007ffd8b220000 - 0x00007ffd8b3c5000 	C:\WINDOWS\System32\ole32.dll
0x00007ffd6a4c0000 - 0x00007ffd6a4ca000 	C:\Users\HP\.vscode\extensions\redhat.java-1.52.0-win32-x64\jre\21.0.9-win32-x86_64\bin\management.dll
0x00007ffd68740000 - 0x00007ffd6874c000 	C:\Users\HP\.vscode\extensions\redhat.java-1.52.0-win32-x64\jre\21.0.9-win32-x86_64\bin\management_ext.dll
0x00007ffd8be40000 - 0x00007ffd8be48000 	C:\WINDOWS\System32\PSAPI.DLL
0x00007ffd89f60000 - 0x00007ffd89f7b000 	C:\WINDOWS\SYSTEM32\CRYPTSP.dll
0x00007ffd89710000 - 0x00007ffd89745000 	C:\WINDOWS\system32\rsaenh.dll
0x00007ffd89cb0000 - 0x00007ffd89cd8000 	C:\WINDOWS\SYSTEM32\USERENV.dll
0x00007ffd89f40000 - 0x00007ffd89f4c000 	C:\WINDOWS\SYSTEM32\CRYPTBASE.dll
0x00007ffd89220000 - 0x00007ffd8924d000 	C:\WINDOWS\SYSTEM32\IPHLPAPI.DLL
0x00007ffd8bf00000 - 0x00007ffd8bf09000 	C:\WINDOWS\System32\NSI.dll
0x00007ffd479c0000 - 0x00007ffd47a09000 	C:\Users\HP\AppData\Local\Temp\jna-2312\jna443694859724672048.dll
0x00007ffd85700000 - 0x00007ffd85719000 	C:\WINDOWS\SYSTEM32\dhcpcsvc6.DLL
0x00007ffd84ef0000 - 0x00007ffd84f0f000 	C:\WINDOWS\SYSTEM32\dhcpcsvc.DLL
0x00007ffd65870000 - 0x00007ffd6587e000 	C:\Users\HP\.vscode\extensions\redhat.java-1.52.0-win32-x64\jre\21.0.9-win32-x86_64\bin\sunmscapi.dll
0x00007ffd8ac00000 - 0x00007ffd8ad67000 	C:\WINDOWS\System32\CRYPT32.dll
0x00007ffd8a060000 - 0x00007ffd8a08e000 	C:\WINDOWS\SYSTEM32\ncrypt.dll
0x00007ffd8a020000 - 0x00007ffd8a057000 	C:\WINDOWS\SYSTEM32\NTASN1.dll
0x00007ffd89290000 - 0x00007ffd89388000 	C:\WINDOWS\SYSTEM32\DNSAPI.dll
0x00007ffd7d4a0000 - 0x00007ffd7d4aa000 	C:\Windows\System32\rasadhlp.dll
0x00007ffd7f7b0000 - 0x00007ffd7f833000 	C:\WINDOWS\System32\fwpuclnt.dll
0x00007ffd65840000 - 0x00007ffd65849000 	C:\Users\HP\.vscode\extensions\redhat.java-1.52.0-win32-x64\jre\21.0.9-win32-x86_64\bin\extnet.dll

JVMTI agents:
c:\Users\HP\.vscode\extensions\redhat.java-1.52.0-win32-x64\lombok\lombok-1.18.39-4050.jar path:c:\Users\HP\.vscode\extensions\redhat.java-1.52.0-win32-x64\jre\21.0.9-win32-x86_64\bin\instrument.dll, loaded, initialized, instrumentlib options:none

dbghelp: loaded successfully - version: 4.0.5 - missing functions: none
symbol engine: initialized successfully - sym options: 0x614 - pdb path: .;c:\Users\HP\.vscode\extensions\redhat.java-1.52.0-win32-x64\jre\21.0.9-win32-x86_64\bin;C:\WINDOWS\SYSTEM32;C:\WINDOWS\WinSxS\amd64_microsoft.windows.common-controls_6595b64144ccf1df_6.0.22621.3672_none_2713b9d173822955;c:\Users\HP\.vscode\extensions\redhat.java-1.52.0-win32-x64\jre\21.0.9-win32-x86_64\bin\server;C:\Users\HP\AppData\Roaming\Code\User\globalStorage\redhat.java\1.52.0\config_win\org.eclipse.equinox.launcher\org.eclipse.equinox.launcher.win32.win32.x86_64_1.2.1500.v20260121-1430;C:\Users\HP\AppData\Local\Temp\jna-2312

VM Arguments:
jvm_args: --add-modules=ALL-SYSTEM --add-opens=java.base/java.util=ALL-UNNAMED --add-opens=java.base/java.lang=ALL-UNNAMED --add-opens=java.base/sun.nio.fs=ALL-UNNAMED -Declipse.application=org.eclipse.jdt.ls.core.id1 -Dosgi.bundles.defaultStartLevel=4 -Declipse.product=org.eclipse.jdt.ls.core.product -Djava.import.generatesMetadataFilesAtProjectRoot=false -DDetectVMInstallationsJob.disabled=true -Dfile.encoding=utf8 -XX:+UseParallelGC -XX:GCTimeRatio=4 -XX:AdaptiveSizePolicyWeight=90 -Dsun.zip.disableMemoryMapping=true -Xmx2G -Xms100m -Xlog:disable -javaagent:c:\Users\HP\.vscode\extensions\redhat.java-1.52.0-win32-x64\lombok\lombok-1.18.39-4050.jar -XX:+HeapDumpOnOutOfMemoryError -XX:HeapDumpPath=c:\Users\HP\AppData\Roaming\Code\User\workspaceStorage\14fee13fe8b7ed8daeb426c675a809a9\redhat.java -Daether.dependencyCollector.impl=bf 
java_command: c:\Users\HP\.vscode\extensions\redhat.java-1.52.0-win32-x64\server\plugins\org.eclipse.equinox.launcher_1.7.100.v20251111-0406.jar -configuration c:\Users\HP\AppData\Roaming\Code\User\globalStorage\redhat.java\1.52.0\config_win -data c:\Users\HP\AppData\Roaming\Code\User\workspaceStorage\14fee13fe8b7ed8daeb426c675a809a9\redhat.java\jdt_ws --pipe=\\.\pipe\lsp-876abfa9e1b7fbbe5b8b0c44d84afd34-sock
java_class_path (initial): c:\Users\HP\.vscode\extensions\redhat.java-1.52.0-win32-x64\server\plugins\org.eclipse.equinox.launcher_1.7.100.v20251111-0406.jar
Launcher Type: SUN_STANDARD

[Global flags]
    uintx AdaptiveSizePolicyWeight                 = 90                                        {product} {command line}
     intx CICompilerCount                          = 4                                         {product} {ergonomic}
    uintx GCTimeRatio                              = 4                                         {product} {command line}
     bool HeapDumpOnOutOfMemoryError               = true                                   {manageable} {command line}
    ccstr HeapDumpPath                             = c:\Users\HP\AppData\Roaming\Code\User\workspaceStorage\14fee13fe8b7ed8daeb426c675a809a9\redhat.java         {manageable} {command line}
   size_t InitialHeapSize                          = 104857600                                 {product} {command line}
   size_t MaxHeapSize                              = 2147483648                                {product} {command line}
   size_t MaxNewSize                               = 715653120                                 {product} {ergonomic}
   size_t MinHeapDeltaBytes                        = 524288                                    {product} {ergonomic}
   size_t MinHeapSize                              = 104857600                                 {product} {command line}
   size_t NewSize                                  = 34603008                                  {product} {ergonomic}
    uintx NonNMethodCodeHeapSize                   = 5839372                                {pd product} {ergonomic}
    uintx NonProfiledCodeHeapSize                  = 122909434                              {pd product} {ergonomic}
   size_t OldSize                                  = 70254592                                  {product} {ergonomic}
    uintx ProfiledCodeHeapSize                     = 122909434                              {pd product} {ergonomic}
    uintx ReservedCodeCacheSize                    = 251658240                              {pd product} {ergonomic}
     bool SegmentedCodeCache                       = true                                      {product} {ergonomic}
   size_t SoftMaxHeapSize                          = 2147483648                             {manageable} {ergonomic}
     bool UseCompressedOops                        = true                           {product lp64_product} {ergonomic}
     bool UseLargePagesIndividualAllocation        = false                                  {pd product} {ergonomic}
     bool UseParallelGC                            = true                                      {product} {command line}

Logging:
Log output configuration:
 #0: stdout all=off uptime,level,tags foldmultilines=false
 #1: stderr all=off uptime,level,tags foldmultilines=false

Release file:
JAVA_VERSION="21.0.9" 
MODULES="java.base java.compiler java.datatransfer java.xml java.prefs java.desktop java.instrument java.logging java.management java.security.sasl java.naming java.rmi java.management.rmi java.net.http java.scripting java.security.jgss java.transaction.xa java.sql java.sql.rowset java.xml.crypto java.se java.smartcardio jdk.accessibility jdk.internal.jvmstat jdk.attach jdk.charsets jdk.internal.opt jdk.zipfs jdk.compiler jdk.crypto.ec jdk.crypto.cryptoki jdk.crypto.mscapi jdk.dynalink jdk.internal.ed jdk.editpad jdk.hotspot.agent jdk.httpserver jdk.internal.le jdk.internal.vm.ci jdk.internal.vm.compiler jdk.internal.vm.compiler.management jdk.jartool jdk.javadoc jdk.jcmd jdk.management jdk.management.agent jdk.jconsole jdk.jdeps jdk.jdwp.agent jdk.jdi jdk.jfr jdk.jshell jdk.jsobject jdk.jstatd jdk.localedata jdk.management.jfr jdk.naming.dns jdk.naming.rmi jdk.net jdk.nio.mapmode jdk.random jdk.sctp jdk.security.auth jdk.security.jgss jdk.unsupported jdk.unsupported.desktop jdk.xml.dom" 

Environment Variables:
PATH=C:\Program Files\Common Files\Oracle\Java\javapath;C:\Program Files (x86)\Common Files\Oracle\Java\java8path;C:\Program Files (x86)\Common Files\Oracle\Java\javapath;C:\WINDOWS\system32;C:\WINDOWS;C:\WINDOWS\System32\Wbem;C:\WINDOWS\System32\WindowsPowerShell\v1.0\;C:\WINDOWS\System32\OpenSSH\;C:\Program Files\Bandizip\;C:\Program Files\Git\cmd;C:\Program Files\Java\jdk-21\bin;C:\Program Files\Docker\Docker\resources\bin;C:\Program Files (x86)\Microsoft SQL Server\160\Tools\Binn\;C:\Program Files\Microsoft SQL Server\160\Tools\Binn\;C:\Program Files\Microsoft SQL Server\Client SDK\ODBC\170\Tools\Binn\;C:\Program Files\Microsoft SQL Server\160\DTS\Binn\;C:\Program Files\nodejs\;C:\Program Files\Microsoft SQL Server\150\Tools\Binn\;C:\Program Files\cursor\resources\app\bin;C:\Program Files\dotnet\;C:\Program Files\apache-maven-3.9.11\bin;C:\Program Files\apache-tomcat-8.5.93\bin;C:\Users\HP\AppData\Local\Programs\Python\Launcher\;C:\Users\HP\AppData\Local\Microsoft\WindowsApps;C:\Users\HP\AppData\Local\Programs\Microsoft VS Code\bin;C:\MinGW\bin;C:\Users\HP\AppData\Local\GitHubDesktop\bin;C:\Program Files\JetBrains\IntelliJ IDEA Community Edition 2024.3.2.2\bin;;C:\Users\HP\AppData\Roaming\npm;C:\Users\HP\.dotnet\tools;C:\Users\HP\AppData\Local\Programs\Antigravity\bin;C:\Users\HP\AppData\Local\Programs\cursor\resources\app\bin
USERNAME=HP
OS=Windows_NT
PROCESSOR_IDENTIFIER=Intel64 Family 6 Model 142 Stepping 10, GenuineIntel
TMP=C:\Users\HP\AppData\Local\Temp
TEMP=C:\Users\HP\AppData\Local\Temp




Periodic native trim disabled

---------------  S Y S T E M  ---------------

OS:
 Windows 11 , 64 bit Build 22621 (10.0.22621.3672)
OS uptime: 5 days 18:02 hours
Hyper-V role detected

CPU: total 8 (initial active 8) (4 cores per cpu, 2 threads per core) family 6 model 142 stepping 10 microcode 0xf4, cx8, cmov, fxsr, ht, mmx, 3dnowpref, sse, sse2, sse3, ssse3, sse4.1, sse4.2, popcnt, lzcnt, tsc, tscinvbit, avx, avx2, aes, erms, clmul, bmi1, bmi2, rtm, adx, fma, vzeroupper, clflush, clflushopt, hv, rdtscp, f16c
Processor Information for the first 8 processors :
  Max Mhz: 1896, Current Mhz: 1696, Mhz Limit: 1687

Memory: 4k page, system-wide physical 8035M (392M free)
TotalPageFile size 29390M (AvailPageFile size 2M)
current process WorkingSet (physical memory assigned to process): 237M, peak: 243M
current process commit charge ("private bytes"): 344M, peak: 361M

vm_info: OpenJDK 64-Bit Server VM (21.0.9+10-LTS) for windows-amd64 JRE (21.0.9+10-LTS), built on 2025-10-21T00:00:00Z by "admin" with unknown MS VC++:1942

END.
